// Jest Snapshot v1, https://goo.gl/fbAQLP

exports[`Editors renders correctly 1`] = `
<div
  className="row"
>
  <div
    className="col-md-5 offset-md-2"
  >
    <textarea
      className="Editor"
      onChange={[Function]}
      value=""
    />
    <br />
    <button
      className="btn btn-primary"
      onClick={[Function]}
    >
      Publish
    </button>
  </div>
  <div
    className="col-md-5"
  >
    <div
      className="interweave"
    />
  </div>
</div>
`;
