// Jest Snapshot v1, https://goo.gl/fbAQLP

exports[`Login renders correctly 1`] = `
<div
  className="container"
>
  <div
    className="row justify-content-center"
  >
    <div
      className="col-8 col-sm-6 col-md-4"
    >
      <br />
      <div
        className="jumbotron"
      >
        <h1>
          Login
        </h1>
        <form
          onSubmit={[Function]}
        >
          <div
            className="form-group"
          >
            <input
              autoFocus={true}
              className="form-control"
              id="password"
              placeholder="Password"
              type="password"
            />
          </div>
          <button
            className="btn btn-primary pull-right"
            type="submit"
          >
            Submit
          </button>
        </form>
        <br />
      </div>
    </div>
  </div>
</div>
`;
